---
source: dcmfx_cli/tests/list.rs
expression: "lines.join(\"\\n\")"
snapshot_kind: text
---
../../../test/assets/fo-dicom/CR-ModalitySequenceLUT.dcm
../../../test/assets/fo-dicom/CT-MONO2-16-ankle.dcm
../../../test/assets/fo-dicom/CT1_J2KI.dcm
../../../test/assets/fo-dicom/DICOMDIR.dcm
../../../test/assets/fo-dicom/D_CLUNIE_CT1_RLE_FRAGS.dcm
../../../test/assets/fo-dicom/GH064.dcm
../../../test/assets/fo-dicom/GH1146.dcm
../../../test/assets/fo-dicom/GH1261.dcm
../../../test/assets/fo-dicom/GH1308.dcm
../../../test/assets/fo-dicom/GH177_D_CLUNIE_CT1_IVRLE_BigEndian_ELE_undefinded_length.dcm
../../../test/assets/fo-dicom/GH178.dcm
../../../test/assets/fo-dicom/GH184.dcm
../../../test/assets/fo-dicom/GH220.dcm
../../../test/assets/fo-dicom/GH223.dcm
../../../test/assets/fo-dicom/GH342.dcm
../../../test/assets/fo-dicom/GH355.dcm
../../../test/assets/fo-dicom/GH487.dcm
../../../test/assets/fo-dicom/GH538-jpeg1.dcm
../../../test/assets/fo-dicom/GH538-jpeg14sv1.dcm
../../../test/assets/fo-dicom/GH610.dcm
../../../test/assets/fo-dicom/HasFragmentSequence.dcm
../../../test/assets/fo-dicom/IM-0001-0001-0001.dcm
../../../test/assets/fo-dicom/Issue1097_FailToOpenDeflatedFileWithSQ.dcm
../../../test/assets/fo-dicom/JPEGwithIcon.dcm
../../../test/assets/fo-dicom/OutOfBoundsOverlay.dcm
../../../test/assets/fo-dicom/RI6XDosiGap.dcm
../../../test/assets/fo-dicom/TestPattern_Palette.dcm
../../../test/assets/fo-dicom/TestPattern_Palette_16.dcm
../../../test/assets/fo-dicom/TestPattern_RGB.dcm
../../../test/assets/fo-dicom/genFile.dcm
../../../test/assets/fo-dicom/mr_brucker.dcm
../../../test/assets/fo-dicom/multiframe.dcm
../../../test/assets/pydicom/charset_files/chrArab.dcm
../../../test/assets/pydicom/charset_files/chrFren.dcm
../../../test/assets/pydicom/charset_files/chrFrenMulti.dcm
../../../test/assets/pydicom/charset_files/chrGerm.dcm
../../../test/assets/pydicom/charset_files/chrGreek.dcm
../../../test/assets/pydicom/charset_files/chrH31.dcm
../../../test/assets/pydicom/charset_files/chrH32.dcm
../../../test/assets/pydicom/charset_files/chrHbrw.dcm
../../../test/assets/pydicom/charset_files/chrI2.dcm
../../../test/assets/pydicom/charset_files/chrJapMulti.dcm
../../../test/assets/pydicom/charset_files/chrJapMultiExplicitIR6.dcm
../../../test/assets/pydicom/charset_files/chrKoreanMulti.dcm
../../../test/assets/pydicom/charset_files/chrRuss.dcm
../../../test/assets/pydicom/charset_files/chrSQEncoding.dcm
../../../test/assets/pydicom/charset_files/chrSQEncoding1.dcm
../../../test/assets/pydicom/charset_files/chrX1.dcm
../../../test/assets/pydicom/charset_files/chrX2.dcm
../../../test/assets/pydicom/palettes/fall.dcm
../../../test/assets/pydicom/palettes/hotiron.dcm
../../../test/assets/pydicom/palettes/hotmetalblue.dcm
../../../test/assets/pydicom/palettes/pet.dcm
../../../test/assets/pydicom/palettes/pet20step.dcm
../../../test/assets/pydicom/palettes/spring.dcm
../../../test/assets/pydicom/palettes/summer.dcm
../../../test/assets/pydicom/test_files/693_J2KI.dcm
../../../test/assets/pydicom/test_files/CT_small.dcm
../../../test/assets/pydicom/test_files/ExplVR_BigEnd.dcm
../../../test/assets/pydicom/test_files/GDCMJ2K_TextGBR.dcm
../../../test/assets/pydicom/test_files/J2K_pixelrep_mismatch.dcm
../../../test/assets/pydicom/test_files/JPEG-lossy.dcm
../../../test/assets/pydicom/test_files/JPEG2000-embedded-sequence-delimiter.dcm
../../../test/assets/pydicom/test_files/JPEG2000.dcm
../../../test/assets/pydicom/test_files/JPEGLSNearLossless_08.dcm
../../../test/assets/pydicom/test_files/JPEGLSNearLossless_16.dcm
../../../test/assets/pydicom/test_files/JPGExtended.dcm
../../../test/assets/pydicom/test_files/MR_small.dcm
../../../test/assets/pydicom/test_files/MR_small_RLE.dcm
../../../test/assets/pydicom/test_files/MR_small_bigendian.dcm
../../../test/assets/pydicom/test_files/MR_small_expb.dcm
../../../test/assets/pydicom/test_files/MR_small_implicit.dcm
../../../test/assets/pydicom/test_files/MR_small_jp2klossless.dcm
../../../test/assets/pydicom/test_files/MR_small_jpeg_ls_lossless.dcm
../../../test/assets/pydicom/test_files/MR_small_padded.dcm
../../../test/assets/pydicom/test_files/SC_jpeg_no_color_transform.dcm
../../../test/assets/pydicom/test_files/SC_jpeg_no_color_transform_2.dcm
../../../test/assets/pydicom/test_files/SC_rgb_dcmtk_+eb+cr.dcm
../../../test/assets/pydicom/test_files/SC_rgb_dcmtk_+eb+cy+n1.dcm
../../../test/assets/pydicom/test_files/SC_rgb_dcmtk_+eb+cy+n2.dcm
../../../test/assets/pydicom/test_files/SC_rgb_dcmtk_+eb+cy+np.dcm
../../../test/assets/pydicom/test_files/SC_rgb_dcmtk_+eb+cy+s2.dcm
../../../test/assets/pydicom/test_files/SC_rgb_dcmtk_+eb+cy+s4.dcm
../../../test/assets/pydicom/test_files/SC_rgb_gdcm_KY.dcm
../../../test/assets/pydicom/test_files/SC_rgb_jls_lossy_line.dcm
../../../test/assets/pydicom/test_files/SC_rgb_jls_lossy_sample.dcm
../../../test/assets/pydicom/test_files/SC_rgb_jpeg_app14_dcmd.dcm
../../../test/assets/pydicom/test_files/SC_rgb_jpeg_dcmd.dcm
../../../test/assets/pydicom/test_files/SC_rgb_jpeg_dcmtk.dcm
../../../test/assets/pydicom/test_files/SC_rgb_jpeg_gdcm.dcm
../../../test/assets/pydicom/test_files/SC_rgb_jpeg_lossy_gdcm.dcm
../../../test/assets/pydicom/test_files/SC_rgb_rle.dcm
../../../test/assets/pydicom/test_files/SC_rgb_rle_16bit.dcm
../../../test/assets/pydicom/test_files/SC_rgb_rle_16bit_2frame.dcm
../../../test/assets/pydicom/test_files/SC_rgb_rle_2frame.dcm
../../../test/assets/pydicom/test_files/SC_rgb_rle_32bit.dcm
../../../test/assets/pydicom/test_files/SC_rgb_rle_32bit_2frame.dcm
../../../test/assets/pydicom/test_files/SC_rgb_small_odd.dcm
../../../test/assets/pydicom/test_files/SC_rgb_small_odd_big_endian.dcm
../../../test/assets/pydicom/test_files/SC_rgb_small_odd_jpeg.dcm
../../../test/assets/pydicom/test_files/SC_ybr_full_422_uncompressed.dcm
../../../test/assets/pydicom/test_files/UN_sequence.dcm
../../../test/assets/pydicom/test_files/dicomdirtests/77654033/CR1/6154.dcm
../../../test/assets/pydicom/test_files/dicomdirtests/77654033/CR2/6247.dcm
../../../test/assets/pydicom/test_files/dicomdirtests/77654033/CR3/6278.dcm
../../../test/assets/pydicom/test_files/dicomdirtests/77654033/CT2/17106.dcm
../../../test/assets/pydicom/test_files/dicomdirtests/77654033/CT2/17136.dcm
../../../test/assets/pydicom/test_files/dicomdirtests/77654033/CT2/17166.dcm
../../../test/assets/pydicom/test_files/dicomdirtests/77654033/CT2/17196.dcm
../../../test/assets/pydicom/test_files/dicomdirtests/98892001/CT2N/6293.dcm
../../../test/assets/pydicom/test_files/dicomdirtests/98892001/CT2N/6924.dcm
../../../test/assets/pydicom/test_files/dicomdirtests/98892001/CT5N/2062.dcm
../../../test/assets/pydicom/test_files/dicomdirtests/98892001/CT5N/2392.dcm
../../../test/assets/pydicom/test_files/dicomdirtests/98892001/CT5N/2693.dcm
../../../test/assets/pydicom/test_files/dicomdirtests/98892001/CT5N/3023.dcm
../../../test/assets/pydicom/test_files/dicomdirtests/98892001/CT5N/3353.dcm
../../../test/assets/pydicom/test_files/dicomdirtests/98892003/MR1/15820.dcm
../../../test/assets/pydicom/test_files/dicomdirtests/98892003/MR1/4919.dcm
../../../test/assets/pydicom/test_files/dicomdirtests/98892003/MR1/5641.dcm
../../../test/assets/pydicom/test_files/dicomdirtests/98892003/MR2/15970.dcm
../../../test/assets/pydicom/test_files/dicomdirtests/98892003/MR2/4950.dcm
../../../test/assets/pydicom/test_files/dicomdirtests/98892003/MR2/4981.dcm
../../../test/assets/pydicom/test_files/dicomdirtests/98892003/MR2/5011.dcm
../../../test/assets/pydicom/test_files/dicomdirtests/98892003/MR2/6273.dcm
../../../test/assets/pydicom/test_files/dicomdirtests/98892003/MR2/6605.dcm
../../../test/assets/pydicom/test_files/dicomdirtests/98892003/MR2/6935.dcm
../../../test/assets/pydicom/test_files/dicomdirtests/98892003/MR700/4467.dcm
../../../test/assets/pydicom/test_files/dicomdirtests/98892003/MR700/4528.dcm
../../../test/assets/pydicom/test_files/dicomdirtests/98892003/MR700/4558.dcm
../../../test/assets/pydicom/test_files/dicomdirtests/98892003/MR700/4588.dcm
../../../test/assets/pydicom/test_files/dicomdirtests/98892003/MR700/4618.dcm
../../../test/assets/pydicom/test_files/dicomdirtests/98892003/MR700/4648.dcm
../../../test/assets/pydicom/test_files/dicomdirtests/98892003/MR700/4678.dcm
../../../test/assets/pydicom/test_files/dicomdirtests/DICOMDIR-bigEnd.dcm
../../../test/assets/pydicom/test_files/dicomdirtests/DICOMDIR-empty.dcm
../../../test/assets/pydicom/test_files/dicomdirtests/DICOMDIR-implicit.dcm
../../../test/assets/pydicom/test_files/dicomdirtests/DICOMDIR-nooffset.dcm
../../../test/assets/pydicom/test_files/dicomdirtests/DICOMDIR-nopatient.dcm
../../../test/assets/pydicom/test_files/dicomdirtests/DICOMDIR-reordered.dcm
../../../test/assets/pydicom/test_files/dicomdirtests/DICOMDIR.dcm
../../../test/assets/pydicom/test_files/dicomdirtests/TINY_ALPHA/DICOMDIR.dcm
../../../test/assets/pydicom/test_files/dicomdirtests/TINY_ALPHA/PT000000/ST000000/SE000000/IM000000.dcm
../../../test/assets/pydicom/test_files/dicomdirtests/TINY_ALPHA/PT000000/ST000000/SE000000/IM000001.dcm
../../../test/assets/pydicom/test_files/dicomdirtests/TINY_ALPHA/PT000000/ST000000/SE000000/IM000002.dcm
../../../test/assets/pydicom/test_files/dicomdirtests/TINY_ALPHA/PT000000/ST000000/SE000000/IM000003.dcm
../../../test/assets/pydicom/test_files/dicomdirtests/TINY_ALPHA/PT000000/ST000000/SE000000/IM000004.dcm
../../../test/assets/pydicom/test_files/dicomdirtests/TINY_ALPHA/PT000000/ST000000/SE000000/IM000005.dcm
../../../test/assets/pydicom/test_files/dicomdirtests/TINY_ALPHA/PT000000/ST000000/SE000000/IM000006.dcm
../../../test/assets/pydicom/test_files/dicomdirtests/TINY_ALPHA/PT000000/ST000000/SE000000/IM000007.dcm
../../../test/assets/pydicom/test_files/dicomdirtests/TINY_ALPHA/PT000000/ST000000/SE000000/IM000008.dcm
../../../test/assets/pydicom/test_files/dicomdirtests/TINY_ALPHA/PT000000/ST000000/SE000000/IM000009.dcm
../../../test/assets/pydicom/test_files/dicomdirtests/TINY_ALPHA/PT000000/ST000000/SE000000/IM00000A.dcm
../../../test/assets/pydicom/test_files/dicomdirtests/TINY_ALPHA/PT000000/ST000000/SE000000/IM00000B.dcm
../../../test/assets/pydicom/test_files/dicomdirtests/TINY_ALPHA/PT000000/ST000000/SE000000/IM00000C.dcm
../../../test/assets/pydicom/test_files/dicomdirtests/TINY_ALPHA/PT000000/ST000000/SE000000/IM00000D.dcm
../../../test/assets/pydicom/test_files/dicomdirtests/TINY_ALPHA/PT000000/ST000000/SE000000/IM00000E.dcm
../../../test/assets/pydicom/test_files/dicomdirtests/TINY_ALPHA/PT000000/ST000000/SE000000/IM00000F.dcm
../../../test/assets/pydicom/test_files/dicomdirtests/TINY_ALPHA/PT000000/ST000000/SE000000/IM00000G.dcm
../../../test/assets/pydicom/test_files/dicomdirtests/TINY_ALPHA/PT000000/ST000000/SE000000/IM00000H.dcm
../../../test/assets/pydicom/test_files/dicomdirtests/TINY_ALPHA/PT000000/ST000000/SE000000/IM00000I.dcm
../../../test/assets/pydicom/test_files/dicomdirtests/TINY_ALPHA/PT000000/ST000000/SE000000/IM00000J.dcm
../../../test/assets/pydicom/test_files/dicomdirtests/TINY_ALPHA/PT000000/ST000000/SE000000/IM00000K.dcm
../../../test/assets/pydicom/test_files/dicomdirtests/TINY_ALPHA/PT000000/ST000000/SE000000/IM00000L.dcm
../../../test/assets/pydicom/test_files/dicomdirtests/TINY_ALPHA/PT000000/ST000000/SE000000/IM00000M.dcm
../../../test/assets/pydicom/test_files/dicomdirtests/TINY_ALPHA/PT000000/ST000000/SE000000/IM00000N.dcm
../../../test/assets/pydicom/test_files/dicomdirtests/TINY_ALPHA/PT000000/ST000000/SE000000/IM00000O.dcm
../../../test/assets/pydicom/test_files/dicomdirtests/TINY_ALPHA/PT000000/ST000000/SE000000/IM00000P.dcm
../../../test/assets/pydicom/test_files/dicomdirtests/TINY_ALPHA/PT000000/ST000000/SE000000/IM00000Q.dcm
../../../test/assets/pydicom/test_files/dicomdirtests/TINY_ALPHA/PT000000/ST000000/SE000000/IM00000R.dcm
../../../test/assets/pydicom/test_files/dicomdirtests/TINY_ALPHA/PT000000/ST000000/SE000000/IM00000S.dcm
../../../test/assets/pydicom/test_files/dicomdirtests/TINY_ALPHA/PT000000/ST000000/SE000000/IM00000T.dcm
../../../test/assets/pydicom/test_files/dicomdirtests/TINY_ALPHA/PT000000/ST000000/SE000000/IM00000U.dcm
../../../test/assets/pydicom/test_files/dicomdirtests/TINY_ALPHA/PT000000/ST000000/SE000000/IM00000V.dcm
../../../test/assets/pydicom/test_files/dicomdirtests/TINY_ALPHA/PT000000/ST000000/SE000000/IM00000W.dcm
../../../test/assets/pydicom/test_files/dicomdirtests/TINY_ALPHA/PT000000/ST000000/SE000000/IM00000X.dcm
../../../test/assets/pydicom/test_files/dicomdirtests/TINY_ALPHA/PT000000/ST000000/SE000000/IM00000Y.dcm
../../../test/assets/pydicom/test_files/dicomdirtests/TINY_ALPHA/PT000000/ST000000/SE000000/IM00000Z.dcm
../../../test/assets/pydicom/test_files/dicomdirtests/TINY_ALPHA/PT000000/ST000000/SE000000/IM000010.dcm
../../../test/assets/pydicom/test_files/dicomdirtests/TINY_ALPHA/PT000000/ST000000/SE000000/IM000011.dcm
../../../test/assets/pydicom/test_files/dicomdirtests/TINY_ALPHA/PT000000/ST000000/SE000000/IM000012.dcm
../../../test/assets/pydicom/test_files/dicomdirtests/TINY_ALPHA/PT000000/ST000000/SE000000/IM000013.dcm
../../../test/assets/pydicom/test_files/dicomdirtests/TINY_ALPHA/PT000000/ST000000/SE000000/IM000014.dcm
../../../test/assets/pydicom/test_files/dicomdirtests/TINY_ALPHA/PT000000/ST000000/SE000000/IM000015.dcm
../../../test/assets/pydicom/test_files/dicomdirtests/TINY_ALPHA/PT000000/ST000000/SE000000/IM000016.dcm
../../../test/assets/pydicom/test_files/dicomdirtests/TINY_ALPHA/PT000000/ST000000/SE000000/IM000017.dcm
../../../test/assets/pydicom/test_files/dicomdirtests/TINY_ALPHA/PT000000/ST000000/SE000000/IM000018.dcm
../../../test/assets/pydicom/test_files/dicomdirtests/TINY_ALPHA/PT000000/ST000000/SE000000/IM000019.dcm
../../../test/assets/pydicom/test_files/dicomdirtests/TINY_ALPHA/PT000000/ST000000/SE000000/IM00001A.dcm
../../../test/assets/pydicom/test_files/dicomdirtests/TINY_ALPHA/PT000000/ST000000/SE000000/IM00001B.dcm
../../../test/assets/pydicom/test_files/dicomdirtests/TINY_ALPHA/PT000000/ST000000/SE000000/IM00001C.dcm
../../../test/assets/pydicom/test_files/dicomdirtests/TINY_ALPHA/PT000000/ST000000/SE000000/IM00001D.dcm
../../../test/assets/pydicom/test_files/empty_charset_LEI.dcm
../../../test/assets/pydicom/test_files/examples_jpeg2k.dcm
../../../test/assets/pydicom/test_files/examples_overlay.dcm
../../../test/assets/pydicom/test_files/examples_palette.dcm
../../../test/assets/pydicom/test_files/examples_rgb_color.dcm
../../../test/assets/pydicom/test_files/examples_ybr_color.dcm
../../../test/assets/pydicom/test_files/image_dfl.dcm
../../../test/assets/pydicom/test_files/liver_1frame.dcm
../../../test/assets/pydicom/test_files/liver_expb_1frame.dcm
../../../test/assets/pydicom/test_files/liver_nonbyte_aligned.dcm
../../../test/assets/pydicom/test_files/meta_missing_tsyntax.dcm
../../../test/assets/pydicom/test_files/nested_priv_SQ.dcm
../../../test/assets/pydicom/test_files/no_meta_group_length.dcm
../../../test/assets/pydicom/test_files/priv_SQ.dcm
../../../test/assets/pydicom/test_files/reportsi.dcm
../../../test/assets/pydicom/test_files/reportsi_with_empty_number_tags.dcm
../../../test/assets/pydicom/test_files/rtdose.dcm
../../../test/assets/pydicom/test_files/rtdose_1frame.dcm
../../../test/assets/pydicom/test_files/rtdose_expb.dcm
../../../test/assets/pydicom/test_files/rtdose_expb_1frame.dcm
../../../test/assets/pydicom/test_files/rtdose_rle.dcm
../../../test/assets/pydicom/test_files/rtdose_rle_1frame.dcm
../../../test/assets/pydicom/test_files/rtplan.dcm
../../../test/assets/pydicom/test_files/test-SR.dcm
../../../test/assets/pydicom/test_files/waveform_ecg.dcm
